[00:00:00.090] (1e38) INFO   Window successfully created
[00:00:11.100] (1e38) WARN   Skipping physical device (`Intel(R) Iris(R) Xe Graphics`): Missing Only discrete GPUs are supported
[00:00:11.113] (1e38) INFO   Selected physical device (`NVIDIA GeForce RTX 3070 Ti Laptop GPU`)
[00:00:13.760] (1e38) INFO   Before instance destroyed
